Archive member included to satisfy reference by file (symbol)

c:/st/stm32cubeide_1.9.0/stm32cubeide/plugins/com.st.stm32cube.ide.mcu.externaltools.gnu-tools-for-stm32.10.3-2021.10.win32_1.0.100.202210260954/tools/bin/../lib/gcc/arm-none-eabi/10.3.1/../../../../arm-none-eabi/lib/thumb/v7-m/nofp\libc_nano.a(lib_a-errno.o)
                              ./Core/Src/syscalls.o (__errno)
c:/st/stm32cubeide_1.9.0/stm32cubeide/plugins/com.st.stm32cube.ide.mcu.externaltools.gnu-tools-for-stm32.10.3-2021.10.win32_1.0.100.202210260954/tools/bin/../lib/gcc/arm-none-eabi/10.3.1/../../../../arm-none-eabi/lib/thumb/v7-m/nofp\libc_nano.a(lib_a-exit.o)
                              c:/st/stm32cubeide_1.9.0/stm32cubeide/plugins/com.st.stm32cube.ide.mcu.externaltools.gnu-tools-for-stm32.10.3-2021.10.win32_1.0.100.202210260954/tools/bin/../lib/gcc/arm-none-eabi/10.3.1/../../../../arm-none-eabi/lib/thumb/v7-m/nofp/crt0.o (exit)
c:/st/stm32cubeide_1.9.0/stm32cubeide/plugins/com.st.stm32cube.ide.mcu.externaltools.gnu-tools-for-stm32.10.3-2021.10.win32_1.0.100.202210260954/tools/bin/../lib/gcc/arm-none-eabi/10.3.1/../../../../arm-none-eabi/lib/thumb/v7-m/nofp\libc_nano.a(lib_a-impure.o)
                              c:/st/stm32cubeide_1.9.0/stm32cubeide/plugins/com.st.stm32cube.ide.mcu.externaltools.gnu-tools-for-stm32.10.3-2021.10.win32_1.0.100.202210260954/tools/bin/../lib/gcc/arm-none-eabi/10.3.1/../../../../arm-none-eabi/lib/thumb/v7-m/nofp\libc_nano.a(lib_a-exit.o) (_global_impure_ptr)
c:/st/stm32cubeide_1.9.0/stm32cubeide/plugins/com.st.stm32cube.ide.mcu.externaltools.gnu-tools-for-stm32.10.3-2021.10.win32_1.0.100.202210260954/tools/bin/../lib/gcc/arm-none-eabi/10.3.1/../../../../arm-none-eabi/lib/thumb/v7-m/nofp\libc_nano.a(lib_a-init.o)
                              c:/st/stm32cubeide_1.9.0/stm32cubeide/plugins/com.st.stm32cube.ide.mcu.externaltools.gnu-tools-for-stm32.10.3-2021.10.win32_1.0.100.202210260954/tools/bin/../lib/gcc/arm-none-eabi/10.3.1/../../../../arm-none-eabi/lib/thumb/v7-m/nofp/crt0.o (__libc_init_array)
c:/st/stm32cubeide_1.9.0/stm32cubeide/plugins/com.st.stm32cube.ide.mcu.externaltools.gnu-tools-for-stm32.10.3-2021.10.win32_1.0.100.202210260954/tools/bin/../lib/gcc/arm-none-eabi/10.3.1/../../../../arm-none-eabi/lib/thumb/v7-m/nofp\libc_nano.a(lib_a-memcpy-stub.o)
                              ./Core/Src/wrapper.o (memcpy)
c:/st/stm32cubeide_1.9.0/stm32cubeide/plugins/com.st.stm32cube.ide.mcu.externaltools.gnu-tools-for-stm32.10.3-2021.10.win32_1.0.100.202210260954/tools/bin/../lib/gcc/arm-none-eabi/10.3.1/../../../../arm-none-eabi/lib/thumb/v7-m/nofp\libc_nano.a(lib_a-memset.o)
                              c:/st/stm32cubeide_1.9.0/stm32cubeide/plugins/com.st.stm32cube.ide.mcu.externaltools.gnu-tools-for-stm32.10.3-2021.10.win32_1.0.100.202210260954/tools/bin/../lib/gcc/arm-none-eabi/10.3.1/../../../../arm-none-eabi/lib/thumb/v7-m/nofp/crt0.o (memset)

Discarded input sections

 .text          0x0000000000000000        0x0 c:/st/stm32cubeide_1.9.0/stm32cubeide/plugins/com.st.stm32cube.ide.mcu.externaltools.gnu-tools-for-stm32.10.3-2021.10.win32_1.0.100.202210260954/tools/bin/../lib/gcc/arm-none-eabi/10.3.1/thumb/v7-m/nofp/crti.o
 .data          0x0000000000000000        0x0 c:/st/stm32cubeide_1.9.0/stm32cubeide/plugins/com.st.stm32cube.ide.mcu.externaltools.gnu-tools-for-stm32.10.3-2021.10.win32_1.0.100.202210260954/tools/bin/../lib/gcc/arm-none-eabi/10.3.1/thumb/v7-m/nofp/crti.o
 .bss           0x0000000000000000        0x0 c:/st/stm32cubeide_1.9.0/stm32cubeide/plugins/com.st.stm32cube.ide.mcu.externaltools.gnu-tools-for-stm32.10.3-2021.10.win32_1.0.100.202210260954/tools/bin/../lib/gcc/arm-none-eabi/10.3.1/thumb/v7-m/nofp/crti.o
 .data          0x0000000000000000        0x4 c:/st/stm32cubeide_1.9.0/stm32cubeide/plugins/com.st.stm32cube.ide.mcu.externaltools.gnu-tools-for-stm32.10.3-2021.10.win32_1.0.100.202210260954/tools/bin/../lib/gcc/arm-none-eabi/10.3.1/thumb/v7-m/nofp/crtbegin.o
 .rodata        0x0000000000000000       0x24 c:/st/stm32cubeide_1.9.0/stm32cubeide/plugins/com.st.stm32cube.ide.mcu.externaltools.gnu-tools-for-stm32.10.3-2021.10.win32_1.0.100.202210260954/tools/bin/../lib/gcc/arm-none-eabi/10.3.1/thumb/v7-m/nofp/crtbegin.o
 .text          0x0000000000000000       0x7c c:/st/stm32cubeide_1.9.0/stm32cubeide/plugins/com.st.stm32cube.ide.mcu.externaltools.gnu-tools-for-stm32.10.3-2021.10.win32_1.0.100.202210260954/tools/bin/../lib/gcc/arm-none-eabi/10.3.1/../../../../arm-none-eabi/lib/thumb/v7-m/nofp/crt0.o
 .data          0x0000000000000000        0x0 c:/st/stm32cubeide_1.9.0/stm32cubeide/plugins/com.st.stm32cube.ide.mcu.externaltools.gnu-tools-for-stm32.10.3-2021.10.win32_1.0.100.202210260954/tools/bin/../lib/gcc/arm-none-eabi/10.3.1/../../../../arm-none-eabi/lib/thumb/v7-m/nofp/crt0.o
[...]
Memory Configuration

Name             Origin             Length             Attributes
RAM              0x0000000020000000 0x0000000000002800 xrw
FLASH            0x0000000008000000 0x0000000000008000 xr
*default*        0x0000000000000000 0xffffffffffffffff

Linker script and memory map

LOAD c:/st/stm32cubeide_1.9.0/stm32cubeide/plugins/com.st.stm32cube.ide.mcu.externaltools.gnu-tools-for-stm32.10.3-2021.10.win32_1.0.100.202210260954/tools/bin/../lib/gcc/arm-none-eabi/10.3.1/thumb/v7-m/nofp/crti.o
LOAD c:/st/stm32cubeide_1.9.0/stm32cubeide/plugins/com.st.stm32cube.ide.mcu.externaltools.gnu-tools-for-stm32.10.3-2021.10.win32_1.0.100.202210260954/tools/bin/../lib/gcc/arm-none-eabi/10.3.1/thumb/v7-m/nofp/crtbegin.o
LOAD c:/st/stm32cubeide_1.9.0/stm32cubeide/plugins/com.st.stm32cube.ide.mcu.externaltools.gnu-tools-for-stm32.10.3-2021.10.win32_1.0.100.202210260954/tools/bin/../lib/gcc/arm-none-eabi/10.3.1/../../../../arm-none-eabi/lib/thumb/v7-m/nofp/crt0.o
LOAD ./Core/Src/can.o
LOAD ./Core/Src/gpio.o
LOAD ./Core/Src/main.o
LOAD ./Core/Src/stm32f1xx_hal_msp.o
LOAD ./Core/Src/stm32f1xx_it.o
LOAD ./Core/Src/syscalls.o
LOAD ./Core/Src/sysmem.o
LOAD ./Core/Src/system_stm32f1xx.o
LOAD ./Core/Src/wrapper.o
LOAD ./Core/Startup/startup_stm32f103c6tx.o
LOAD ./Drivers/STM32F1xx_HAL_Driver/Src/stm32f1xx_hal.o
LOAD ./Drivers/STM32F1xx_HAL_Driver/Src/stm32f1xx_hal_can.o
LOAD ./Drivers/STM32F1xx_HAL_Driver/Src/stm32f1xx_hal_cortex.o
LOAD ./Drivers/STM32F1xx_HAL_Driver/Src/stm32f1xx_hal_dma.o
LOAD ./Drivers/STM32F1xx_HAL_Driver/Src/stm32f1xx_hal_exti.o
LOAD ./Drivers/STM32F1xx_HAL_Driver/Src/stm32f1xx_hal_flash.o
LOAD ./Drivers/STM32F1xx_HAL_Driver/Src/stm32f1xx_hal_flash_ex.o
LOAD ./Drivers/STM32F1xx_HAL_Driver/Src/stm32f1xx_hal_gpio.o
LOAD ./Drivers/STM32F1xx_HAL_Driver/Src/stm32f1xx_hal_gpio_ex.o
LOAD ./Drivers/STM32F1xx_HAL_Driver/Src/stm32f1xx_hal_pwr.o
LOAD ./Drivers/STM32F1xx_HAL_Driver/Src/stm32f1xx_hal_rcc.o
LOAD ./Drivers/STM32F1xx_HAL_Driver/Src/stm32f1xx_hal_rcc_ex.o
LOAD ./Drivers/STM32F1xx_HAL_Driver/Src/stm32f1xx_hal_tim.o
LOAD ./Drivers/STM32F1xx_HAL_Driver/Src/stm32f1xx_hal_tim_ex.o
START GROUP
LOAD c:/st/stm32cubeide_1.9.0/stm32cubeide/plugins/com.st.stm32cube.ide.mcu.externaltools.gnu-tools-for-stm32.10.3-2021.10.win32_1.0.100.202210260954/tools/bin/../lib/gcc/arm-none-eabi/10.3.1/../../../../arm-none-eabi/lib/thumb/v7-m/nofp\libstdc++_nano.a
LOAD c:/st/stm32cubeide_1.9.0/stm32cubeide/plugins/com.st.stm32cube.ide.mcu.externaltools.gnu-tools-for-stm32.10.3-2021.10.win32_1.0.100.202210260954/tools/bin/../lib/gcc/arm-none-eabi/10.3.1/../../../../arm-none-eabi/lib/thumb/v7-m/nofp\libsupc++_nano.a
END GROUP
LOAD c:/st/stm32cubeide_1.9.0/stm32cubeide/plugins/com.st.stm32cube.ide.mcu.externaltools.gnu-tools-for-stm32.10.3-2021.10.win32_1.0.100.202210260954/tools/bin/../lib/gcc/arm-none-eabi/10.3.1/../../../../arm-none-eabi/lib/thumb/v7-m/nofp\libstdc++_nano.a
LOAD c:/st/stm32cubeide_1.9.0/stm32cubeide/plugins/com.st.stm32cube.ide.mcu.externaltools.gnu-tools-for-stm32.10.3-2021.10.win32_1.0.100.202210260954/tools/bin/../lib/gcc/arm-none-eabi/10.3.1/../../../../arm-none-eabi/lib/thumb/v7-m/nofp\libm.a
LOAD c:/st/stm32cubeide_1.9.0/stm32cubeide/plugins/com.st.stm32cube.ide.mcu.externaltools.gnu-tools-for-stm32.10.3-2021.10.win32_1.0.100.202210260954/tools/bin/../lib/gcc/arm-none-eabi/10.3.1/../../../../arm-none-eabi/lib/thumb/v7-m/nofp\libc_nano.a
START GROUP
LOAD c:/st/stm32cubeide_1.9.0/stm32cubeide/plugins/com.st.stm32cube.ide.mcu.externaltools.gnu-tools-for-stm32.10.3-2021.10.win32_1.0.100.202210260954/tools/bin/../lib/gcc/arm-none-eabi/10.3.1/thumb/v7-m/nofp\libgcc.a
LOAD c:/st/stm32cubeide_1.9.0/stm32cubeide/plugins/com.st.stm32cube.ide.mcu.externaltools.gnu-tools-for-stm32.10.3-2021.10.win32_1.0.100.202210260954/tools/bin/../lib/gcc/arm-none-eabi/10.3.1/../../../../arm-none-eabi/lib/thumb/v7-m/nofp\libc_nano.a
END GROUP
START GROUP
LOAD c:/st/stm32cubeide_1.9.0/stm32cubeide/plugins/com.st.stm32cube.ide.mcu.externaltools.gnu-tools-for-stm32.10.3-2021.10.win32_1.0.100.202210260954/tools/bin/../lib/gcc/arm-none-eabi/10.3.1/thumb/v7-m/nofp\libgcc.a
LOAD c:/st/stm32cubeide_1.9.0/stm32cubeide/plugins/com.st.stm32cube.ide.mcu.externaltools.gnu-tools-for-stm32.10.3-2021.10.win32_1.0.100.202210260954/tools/bin/../lib/gcc/arm-none-eabi/10.3.1/../../../../arm-none-eabi/lib/thumb/v7-m/nofp\libc_nano.a
LOAD c:/st/stm32cubeide_1.9.0/stm32cubeide/plugins/com.st.stm32cube.ide.mcu.externaltools.gnu-tools-for-stm32.10.3-2021.10.win32_1.0.100.202210260954/tools/bin/../lib/gcc/arm-none-eabi/10.3.1/../../../../arm-none-eabi/lib/thumb/v7-m/nofp\libnosys.a
END GROUP
START GROUP
LOAD c:/st/stm32cubeide_1.9.0/stm32cubeide/plugins/com.st.stm32cube.ide.mcu.externaltools.gnu-tools-for-stm32.10.3-2021.10.win32_1.0.100.202210260954/tools/bin/../lib/gcc/arm-none-eabi/10.3.1/thumb/v7-m/nofp\libgcc.a
LOAD c:/st/stm32cubeide_1.9.0/stm32cubeide/plugins/com.st.stm32cube.ide.mcu.externaltools.gnu-tools-for-stm32.10.3-2021.10.win32_1.0.100.202210260954/tools/bin/../lib/gcc/arm-none-eabi/10.3.1/../../../../arm-none-eabi/lib/thumb/v7-m/nofp\libc_nano.a
LOAD c:/st/stm32cubeide_1.9.0/stm32cubeide/plugins/com.st.stm32cube.ide.mcu.externaltools.gnu-tools-for-stm32.10.3-2021.10.win32_1.0.100.202210260954/tools/bin/../lib/gcc/arm-none-eabi/10.3.1/../../../../arm-none-eabi/lib/thumb/v7-m/nofp\libnosys.a
END GROUP
LOAD c:/st/stm32cubeide_1.9.0/stm32cubeide/plugins/com.st.stm32cube.ide.mcu.externaltools.gnu-tools-for-stm32.10.3-2021.10.win32_1.0.100.202210260954/tools/bin/../lib/gcc/arm-none-eabi/10.3.1/thumb/v7-m/nofp/crtend.o
LOAD c:/st/stm32cubeide_1.9.0/stm32cubeide/plugins/com.st.stm32cube.ide.mcu.externaltools.gnu-tools-for-stm32.10.3-2021.10.win32_1.0.100.202210260954/tools/bin/../lib/gcc/arm-none-eabi/10.3.1/thumb/v7-m/nofp/crtn.o
                0x0000000020002800                _estack = (ORIGIN (RAM) + LENGTH (RAM))
                0x0000000000000200                _Min_Heap_Size = 0x200
                0x0000000000000400                _Min_Stack_Size = 0x400

.isr_vector     0x0000000008000000      0x10c
                0x0000000008000000                . = ALIGN (0x4)
 *(.isr_vector)
 .isr_vector    0x0000000008000000      0x10c ./Core/Startup/startup_stm32f103c6tx.o
                0x0000000008000000                g_pfnVectors
                0x000000000800010c                . = ALIGN (0x4)

.text           0x000000000800010c     0x1924
                0x000000000800010c                . = ALIGN (0x4)
 *(.text)
 .text          0x000000000800010c       0x40 c:/st/stm32cubeide_1.9.0/stm32cubeide/plugins/com.st.stm32cube.ide.mcu.externaltools.gnu-tools-for-stm32.10.3-2021.10.win32_1.0.100.202210260954/tools/bin/../lib/gcc/arm-none-eabi/10.3.1/thumb/v7-m/nofp/crtbegin.o
 *(.text*)
 .text.MX_CAN_Init
                0x000000000800014c       0x68 ./Core/Src/can.o
                0x000000000800014c                MX_CAN_Init
 .text.HAL_CAN_MspInit
                0x00000000080001b4       0xc0 ./Core/Src/can.o
                0x00000000080001b4                HAL_CAN_MspInit
 .text.HAL_CAN_MspDeInit
                0x0000000008000274       0x3c ./Core/Src/can.o
                0x0000000008000274                HAL_CAN_MspDeInit
 .text.MX_GPIO_Init
                0x00000000080002b0       0x5c ./Core/Src/gpio.o
                0x00000000080002b0                MX_GPIO_Init
 .text.main     0x000000000800030c       0x24 ./Core/Src/main.o
                0x000000000800030c                main
 .text.SystemClock_Config
                0x0000000008000330       0x8a ./Core/Src/main.o
                0x0000000008000330                SystemClock_Config
 .text.Error_Handler
                0x00000000080003ba        0xa ./Core/Src/main.o
                0x00000000080003ba                Error_Handler
 .text.HAL_MspInit
                0x00000000080003c4       0x64 ./Core/Src/stm32f1xx_hal_msp.o
                0x00000000080003c4                HAL_MspInit
 .text.NMI_Handler
                0x0000000008000428        0x6 ./Core/Src/stm32f1xx_it.o
                0x0000000008000428                NMI_Handler
 .text.HardFault_Handler
                0x000000000800042e        0x6 ./Core/Src/stm32f1xx_it.o
                0x000000000800042e                HardFault_Handler
 .text.MemManage_Handler
                0x0000000008000434        0x6 ./Core/Src/stm32f1xx_it.o
                0x0000000008000434                MemManage_Handler
 .text.BusFault_Handler
                0x000000000800043a        0x6 ./Core/Src/stm32f1xx_it.o
                0x000000000800043a                BusFault_Handler
 .text.UsageFault_Handler
                0x0000000008000440        0x6 ./Core/Src/stm32f1xx_it.o
                0x0000000008000440                UsageFault_Handler
 .text.SVC_Handler
                0x0000000008000446        0xc ./Core/Src/stm32f1xx_it.o
                0x0000000008000446                SVC_Handler
 .text.DebugMon_Handler
                0x0000000008000452        0xc ./Core/Src/stm32f1xx_it.o
                0x0000000008000452                DebugMon_Handler
 .text.PendSV_Handler
                0x000000000800045e        0xc ./Core/Src/stm32f1xx_it.o
                0x000000000800045e                PendSV_Handler
 .text.SysTick_Handler
                0x000000000800046a        0xc ./Core/Src/stm32f1xx_it.o
                0x000000000800046a                SysTick_Handler
 .text.SystemInit
                0x0000000008000476        0xc ./Core/Src/system_stm32f1xx.o
                0x0000000008000476                SystemInit
 *fill*         0x0000000008000482        0x2 
 .text._ZN6CRSLib3Can5Stm326RM000813FilterManager8activateEh
                0x0000000008000484       0x18 ./Core/Src/wrapper.o
                0x0000000008000484                CRSLib::Can::Stm32::RM0008::FilterManager::activate(unsigned char)
 .text._ZN6CRSLib3Can5Stm326RM000813FilterManager11make_list32Embb
                0x000000000800049c       0x20 ./Core/Src/wrapper.o
                0x000000000800049c                CRSLib::Can::Stm32::RM0008::FilterManager::make_list32(unsigned long, bool, bool)
 .text._ZN6CRSLib3Can5Stm326RM000813FilterManager11make_mask32Emm
                0x00000000080004bc       0x2c ./Core/Src/wrapper.o
                0x00000000080004bc                CRSLib::Can::Stm32::RM0008::FilterManager::make_mask32(unsigned long, unsigned long)
 .text._ZNK6CRSLib3Can5Stm326RM000810CanBusInit5applyEPNS2_11CanRegisterE
                0x00000000080004e8       0xb2 ./Core/Src/wrapper.o
                0x00000000080004e8                CRSLib::Can::Stm32::RM0008::CanBusInit::apply(CRSLib::Can::Stm32::RM0008::CanRegister*) const
 *fill*         0x000000000800059a        0x2 
 .text._ZN6CRSLib3Can5Stm326RM000813FilterManager10initializeILh1EEEvhRAT__NS2_12FilterConfigE
                0x000000000800059c       0x70 ./Core/Src/wrapper.o
                0x000000000800059c                void CRSLib::Can::Stm32::RM0008::FilterManager::initialize<(unsigned char)1>(unsigned char, CRSLib::Can::Stm32::RM0008::FilterConfig (&) [(unsigned char)1])
 .text._Z19init_can_msp_filterP19__CAN_HandleTypeDef
                0x000000000800060c       0x68 ./Core/Src/wrapper.o
                0x000000000800060c                init_can_msp_filter(__CAN_HandleTypeDef*)
 .text.main_cpp
                0x0000000008000674      0x158 ./Core/Src/wrapper.o
                0x0000000008000674                main_cpp
 .text.Reset_Handler
                0x00000000080007cc       0x48 ./Core/Startup/startup_stm32f103c6tx.o
                0x00000000080007cc                Reset_Handler
 .text.Default_Handler
                0x0000000008000814        0x2 ./Core/Startup/startup_stm32f103c6tx.o
                0x0000000008000814                RTC_Alarm_IRQHandler
                0x0000000008000814                EXTI2_IRQHandler
                0x0000000008000814                TIM1_CC_IRQHandler
                0x0000000008000814                PVD_IRQHandler
                0x0000000008000814                EXTI3_IRQHandler
                0x0000000008000814                EXTI0_IRQHandler
                0x0000000008000814                ADC1_2_IRQHandler
                0x0000000008000814                SPI1_IRQHandler
                0x0000000008000814                TAMPER_IRQHandler
                0x0000000008000814                DMA1_Channel4_IRQHandler
                0x0000000008000814                RTC_IRQHandler
                0x0000000008000814                DMA1_Channel7_IRQHandler
                0x0000000008000814                CAN1_RX1_IRQHandler
                0x0000000008000814                I2C1_EV_IRQHandler
                0x0000000008000814                DMA1_Channel6_IRQHandler
                0x0000000008000814                TIM3_IRQHandler
                0x0000000008000814                RCC_IRQHandler
                0x0000000008000814                TIM1_TRG_COM_IRQHandler
                0x0000000008000814                DMA1_Channel1_IRQHandler
                0x0000000008000814                Default_Handler
                0x0000000008000814                EXTI15_10_IRQHandler
                0x0000000008000814                EXTI9_5_IRQHandler
                0x0000000008000814                DMA1_Channel5_IRQHandler
                0x0000000008000814                EXTI4_IRQHandler
                0x0000000008000814                USB_LP_CAN1_RX0_IRQHandler
                0x0000000008000814                USB_HP_CAN1_TX_IRQHandler
                0x0000000008000814                DMA1_Channel3_IRQHandler
                0x0000000008000814                TIM1_UP_IRQHandler
                0x0000000008000814                WWDG_IRQHandler
                0x0000000008000814                TIM2_IRQHandler
                0x0000000008000814                TIM1_BRK_IRQHandler
                0x0000000008000814                EXTI1_IRQHandler
                0x0000000008000814                USART2_IRQHandler
                0x0000000008000814                DMA1_Channel2_IRQHandler
                0x0000000008000814                CAN1_SCE_IRQHandler
                0x0000000008000814                FLASH_IRQHandler
                0x0000000008000814                USART1_IRQHandler
                0x0000000008000814                I2C1_ER_IRQHandler
                0x0000000008000814                USBWakeUp_IRQHandler
 *fill*         0x0000000008000816        0x2 
 .text.HAL_Init
                0x0000000008000818       0x2c ./Drivers/STM32F1xx_HAL_Driver/Src/stm32f1xx_hal.o
                0x0000000008000818                HAL_Init
 .text.HAL_InitTick
                0x0000000008000844       0x60 ./Drivers/STM32F1xx_HAL_Driver/Src/stm32f1xx_hal.o
                0x0000000008000844                HAL_InitTick
 .text.HAL_IncTick
                0x00000000080008a4       0x24 ./Drivers/STM32F1xx_HAL_Driver/Src/stm32f1xx_hal.o
                0x00000000080008a4                HAL_IncTick
 .text.HAL_GetTick
                0x00000000080008c8       0x14 ./Drivers/STM32F1xx_HAL_Driver/Src/stm32f1xx_hal.o
                0x00000000080008c8                HAL_GetTick
 .text.HAL_CAN_Init
                0x00000000080008dc      0x1f6 ./Drivers/STM32F1xx_HAL_Driver/Src/stm32f1xx_hal_can.o
                0x00000000080008dc                HAL_CAN_Init
 .text.HAL_CAN_DeInit
                0x0000000008000ad2       0x46 ./Drivers/STM32F1xx_HAL_Driver/Src/stm32f1xx_hal_can.o
                0x0000000008000ad2                HAL_CAN_DeInit
 .text.HAL_CAN_Stop
                0x0000000008000b18       0x92 ./Drivers/STM32F1xx_HAL_Driver/Src/stm32f1xx_hal_can.o
                0x0000000008000b18                HAL_CAN_Stop
 *fill*         0x0000000008000baa        0x2 
 .text.__NVIC_SetPriorityGrouping
                0x0000000008000bac       0x48 ./Drivers/STM32F1xx_HAL_Driver/Src/stm32f1xx_hal_cortex.o
 .text.__NVIC_GetPriorityGrouping
                0x0000000008000bf4       0x1c ./Drivers/STM32F1xx_HAL_Driver/Src/stm32f1xx_hal_cortex.o
 .text.__NVIC_SetPriority
                0x0000000008000c10       0x54 ./Drivers/STM32F1xx_HAL_Driver/Src/stm32f1xx_hal_cortex.o
 .text.NVIC_EncodePriority
                0x0000000008000c64       0x64 ./Drivers/STM32F1xx_HAL_Driver/Src/stm32f1xx_hal_cortex.o
 .text.SysTick_Config
                0x0000000008000cc8       0x44 ./Drivers/STM32F1xx_HAL_Driver/Src/stm32f1xx_hal_cortex.o
 .text.HAL_NVIC_SetPriorityGrouping
                0x0000000008000d0c       0x16 ./Drivers/STM32F1xx_HAL_Driver/Src/stm32f1xx_hal_cortex.o
                0x0000000008000d0c                HAL_NVIC_SetPriorityGrouping
 .text.HAL_NVIC_SetPriority
                0x0000000008000d22       0x38 ./Drivers/STM32F1xx_HAL_Driver/Src/stm32f1xx_hal_cortex.o
                0x0000000008000d22                HAL_NVIC_SetPriority
 .text.HAL_SYSTICK_Config
                0x0000000008000d5a       0x18 ./Drivers/STM32F1xx_HAL_Driver/Src/stm32f1xx_hal_cortex.o
                0x0000000008000d5a                HAL_SYSTICK_Config
 *fill*         0x0000000008000d72        0x2 
 .text.HAL_GPIO_Init
                0x0000000008000d74      0x2f8 ./Drivers/STM32F1xx_HAL_Driver/Src/stm32f1xx_hal_gpio.o
                0x0000000008000d74                HAL_GPIO_Init
 .text.HAL_GPIO_DeInit
                0x000000000800106c      0x168 ./Drivers/STM32F1xx_HAL_Driver/Src/stm32f1xx_hal_gpio.o
                0x000000000800106c                HAL_GPIO_DeInit
 .text.HAL_RCC_OscConfig
                0x00000000080011d4      0x504 ./Drivers/STM32F1xx_HAL_Driver/Src/stm32f1xx_hal_rcc.o
                0x00000000080011d4                HAL_RCC_OscConfig
 .text.HAL_RCC_ClockConfig
                0x00000000080016d8      0x1d4 ./Drivers/STM32F1xx_HAL_Driver/Src/stm32f1xx_hal_rcc.o
                0x00000000080016d8                HAL_RCC_ClockConfig
 .text.HAL_RCC_GetSysClockFreq
                0x00000000080018ac       0xbc ./Drivers/STM32F1xx_HAL_Driver/Src/stm32f1xx_hal_rcc.o
                0x00000000080018ac                HAL_RCC_GetSysClockFreq
 .text.RCC_Delay
                0x0000000008001968       0x3c ./Drivers/STM32F1xx_HAL_Driver/Src/stm32f1xx_hal_rcc.o
 .text.__libc_init_array
                0x00000000080019a4       0x48 c:/st/stm32cubeide_1.9.0/stm32cubeide/plugins/com.st.stm32cube.ide.mcu.externaltools.gnu-tools-for-stm32.10.3-2021.10.win32_1.0.100.202210260954/tools/bin/../lib/gcc/arm-none-eabi/10.3.1/../../../../arm-none-eabi/lib/thumb/v7-m/nofp\libc_nano.a(lib_a-init.o)
                0x00000000080019a4                __libc_init_array
 .text.memcpy   0x00000000080019ec       0x1c c:/st/stm32cubeide_1.9.0/stm32cubeide/plugins/com.st.stm32cube.ide.mcu.externaltools.gnu-tools-for-stm32.10.3-2021.10.win32_1.0.100.202210260954/tools/bin/../lib/gcc/arm-none-eabi/10.3.1/../../../../arm-none-eabi/lib/thumb/v7-m/nofp\libc_nano.a(lib_a-memcpy-stub.o)
                0x00000000080019ec                memcpy
 .text.memset   0x0000000008001a08       0x10 c:/st/stm32cubeide_1.9.0/stm32cubeide/plugins/com.st.stm32cube.ide.mcu.externaltools.gnu-tools-for-stm32.10.3-2021.10.win32_1.0.100.202210260954/tools/bin/../lib/gcc/arm-none-eabi/10.3.1/../../../../arm-none-eabi/lib/thumb/v7-m/nofp\libc_nano.a(lib_a-memset.o)
                0x0000000008001a08                memset
 *(.glue_7)
 .glue_7        0x0000000008001a18        0x0 linker stubs
 *(.glue_7t)
 .glue_7t       0x0000000008001a18        0x0 linker stubs
 *(.eh_frame)
 .eh_frame      0x0000000008001a18        0x0 c:/st/stm32cubeide_1.9.0/stm32cubeide/plugins/com.st.stm32cube.ide.mcu.externaltools.gnu-tools-for-stm32.10.3-2021.10.win32_1.0.100.202210260954/tools/bin/../lib/gcc/arm-none-eabi/10.3.1/thumb/v7-m/nofp/crtbegin.o
 *(.init)
 .init          0x0000000008001a18        0x4 c:/st/stm32cubeide_1.9.0/stm32cubeide/plugins/com.st.stm32cube.ide.mcu.externaltools.gnu-tools-for-stm32.10.3-2021.10.win32_1.0.100.202210260954/tools/bin/../lib/gcc/arm-none-eabi/10.3.1/thumb/v7-m/nofp/crti.o
                0x0000000008001a18                _init
 .init          0x0000000008001a1c        0x8 c:/st/stm32cubeide_1.9.0/stm32cubeide/plugins/com.st.stm32cube.ide.mcu.externaltools.gnu-tools-for-stm32.10.3-2021.10.win32_1.0.100.202210260954/tools/bin/../lib/gcc/arm-none-eabi/10.3.1/thumb/v7-m/nofp/crtn.o
 *(.fini)
 .fini          0x0000000008001a24        0x4 c:/st/stm32cubeide_1.9.0/stm32cubeide/plugins/com.st.stm32cube.ide.mcu.externaltools.gnu-tools-for-stm32.10.3-2021.10.win32_1.0.100.202210260954/tools/bin/../lib/gcc/arm-none-eabi/10.3.1/thumb/v7-m/nofp/crti.o
                0x0000000008001a24                _fini
 .fini          0x0000000008001a28        0x8 c:/st/stm32cubeide_1.9.0/stm32cubeide/plugins/com.st.stm32cube.ide.mcu.externaltools.gnu-tools-for-stm32.10.3-2021.10.win32_1.0.100.202210260954/tools/bin/../lib/gcc/arm-none-eabi/10.3.1/thumb/v7-m/nofp/crtn.o
                0x0000000008001a30                . = ALIGN (0x4)
                0x0000000008001a30                _etext = .

.vfp11_veneer   0x0000000008001a30        0x0
 .vfp11_veneer  0x0000000008001a30        0x0 linker stubs

.v4_bx          0x0000000008001a30        0x0
 .v4_bx         0x0000000008001a30        0x0 linker stubs

.iplt           0x0000000008001a30        0x0
 .iplt          0x0000000008001a30        0x0 c:/st/stm32cubeide_1.9.0/stm32cubeide/plugins/com.st.stm32cube.ide.mcu.externaltools.gnu-tools-for-stm32.10.3-2021.10.win32_1.0.100.202210260954/tools/bin/../lib/gcc/arm-none-eabi/10.3.1/thumb/v7-m/nofp/crtbegin.o

.rodata         0x0000000008001a30       0x44
                0x0000000008001a30                . = ALIGN (0x4)
 *(.rodata)
 .rodata        0x0000000008001a30       0x10 ./Core/Src/wrapper.o
 .rodata        0x0000000008001a40       0x10 ./Drivers/STM32F1xx_HAL_Driver/Src/stm32f1xx_hal_rcc.o
 *(.rodata*)
 .rodata.AHBPrescTable
                0x0000000008001a50       0x10 ./Core/Src/system_stm32f1xx.o
                0x0000000008001a50                AHBPrescTable
 .rodata._Z19init_can_msp_filterP19__CAN_HandleTypeDef.str1.1
                0x0000000008001a60       0x13 ./Core/Src/wrapper.o
                0x0000000008001a74                . = ALIGN (0x4)
 *fill*         0x0000000008001a73        0x1 

.rel.dyn        0x0000000008001a74        0x0
 .rel.iplt      0x0000000008001a74        0x0 c:/st/stm32cubeide_1.9.0/stm32cubeide/plugins/com.st.stm32cube.ide.mcu.externaltools.gnu-tools-for-stm32.10.3-2021.10.win32_1.0.100.202210260954/tools/bin/../lib/gcc/arm-none-eabi/10.3.1/thumb/v7-m/nofp/crtbegin.o

.ARM.extab      0x0000000008001a74        0x0
                0x0000000008001a74                . = ALIGN (0x4)
 *(.ARM.extab* .gnu.linkonce.armextab.*)
                0x0000000008001a74                . = ALIGN (0x4)

.ARM            0x0000000008001a74        0x0
                0x0000000008001a74                . = ALIGN (0x4)
                0x0000000008001a74                __exidx_start = .
 *(.ARM.exidx*)
                0x0000000008001a74                __exidx_end = .
                0x0000000008001a74                . = ALIGN (0x4)

.preinit_array  0x0000000008001a74        0x0
                0x0000000008001a74                . = ALIGN (0x4)
                0x0000000008001a74                PROVIDE (__preinit_array_start = .)
 *(.preinit_array*)
                0x0000000008001a74                PROVIDE (__preinit_array_end = .)
                0x0000000008001a74                . = ALIGN (0x4)

.init_array     0x0000000008001a74        0x4
                0x0000000008001a74                . = ALIGN (0x4)
                0x0000000008001a74                PROVIDE (__init_array_start = .)
 *(SORT_BY_NAME(.init_array.*))
 *(.init_array*)
 .init_array    0x0000000008001a74        0x4 c:/st/stm32cubeide_1.9.0/stm32cubeide/plugins/com.st.stm32cube.ide.mcu.externaltools.gnu-tools-for-stm32.10.3-2021.10.win32_1.0.100.202210260954/tools/bin/../lib/gcc/arm-none-eabi/10.3.1/thumb/v7-m/nofp/crtbegin.o
                0x0000000008001a78                PROVIDE (__init_array_end = .)
                0x0000000008001a78                . = ALIGN (0x4)

.fini_array     0x0000000008001a78        0x4
                0x0000000008001a78                . = ALIGN (0x4)
                [!provide]                        PROVIDE (__fini_array_start = .)
 *(SORT_BY_NAME(.fini_array.*))
 *(.fini_array*)
 .fini_array    0x0000000008001a78        0x4 c:/st/stm32cubeide_1.9.0/stm32cubeide/plugins/com.st.stm32cube.ide.mcu.externaltools.gnu-tools-for-stm32.10.3-2021.10.win32_1.0.100.202210260954/tools/bin/../lib/gcc/arm-none-eabi/10.3.1/thumb/v7-m/nofp/crtbegin.o
                [!provide]                        PROVIDE (__fini_array_end = .)
                0x0000000008001a7c                . = ALIGN (0x4)
                0x0000000008001a7c                _sidata = LOADADDR (.data)

.data           0x0000000020000000       0x18 load address 0x0000000008001a7c
                0x0000000020000000                . = ALIGN (0x4)
                0x0000000020000000                _sdata = .
 *(.data)
 *(.data*)
 .data.SystemCoreClock
                0x0000000020000000        0x4 ./Core/Src/system_stm32f1xx.o
                0x0000000020000000                SystemCoreClock
 .data.data     0x0000000020000004        0x9 ./Core/Src/wrapper.o
                0x0000000020000004                data
 *fill*         0x000000002000000d        0x3 
 .data.uwTickPrio
                0x0000000020000010        0x4 ./Drivers/STM32F1xx_HAL_Driver/Src/stm32f1xx_hal.o
                0x0000000020000010                uwTickPrio
 .data.uwTickFreq
                0x0000000020000014        0x1 ./Drivers/STM32F1xx_HAL_Driver/Src/stm32f1xx_hal.o
                0x0000000020000014                uwTickFreq
 *(.RamFunc)
 *(.RamFunc*)
                0x0000000020000018                . = ALIGN (0x4)
 *fill*         0x0000000020000015        0x3 
                0x0000000020000018                _edata = .

.igot.plt       0x0000000020000018        0x0 load address 0x0000000008001a94
 .igot.plt      0x0000000020000018        0x0 c:/st/stm32cubeide_1.9.0/stm32cubeide/plugins/com.st.stm32cube.ide.mcu.externaltools.gnu-tools-for-stm32.10.3-2021.10.win32_1.0.100.202210260954/tools/bin/../lib/gcc/arm-none-eabi/10.3.1/thumb/v7-m/nofp/crtbegin.o
                0x0000000020000018                . = ALIGN (0x4)

.bss            0x0000000020000018       0x4c load address 0x0000000008001a94
                0x0000000020000018                _sbss = .
                0x0000000020000018                __bss_start__ = _sbss
 *(.bss)
 .bss           0x0000000020000018       0x1c c:/st/stm32cubeide_1.9.0/stm32cubeide/plugins/com.st.stm32cube.ide.mcu.externaltools.gnu-tools-for-stm32.10.3-2021.10.win32_1.0.100.202210260954/tools/bin/../lib/gcc/arm-none-eabi/10.3.1/thumb/v7-m/nofp/crtbegin.o
 *(.bss*)
 .bss.hcan      0x0000000020000034       0x28 ./Core/Src/can.o
                0x0000000020000034                hcan
 .bss.error_msg
                0x000000002000005c        0x4 ./Core/Src/wrapper.o
                0x000000002000005c                error_msg
 .bss.uwTick    0x0000000020000060        0x4 ./Drivers/STM32F1xx_HAL_Driver/Src/stm32f1xx_hal.o
                0x0000000020000060                uwTick
 *(COMMON)
                0x0000000020000064                . = ALIGN (0x4)
                0x0000000020000064                _ebss = .
                0x0000000020000064                __bss_end__ = _ebss

._user_heap_stack
                0x0000000020000064      0x604 load address 0x0000000008001a94
                0x0000000020000068                . = ALIGN (0x8)
 *fill*         0x0000000020000064        0x4 
                [!provide]                        PROVIDE (end = .)
                0x0000000020000068                PROVIDE (_end = .)
                0x0000000020000268                . = (. + _Min_Heap_Size)
 *fill*         0x0000000020000068      0x200 
                0x0000000020000668                . = (. + _Min_Stack_Size)
 *fill*         0x0000000020000268      0x400 
                0x0000000020000668                . = ALIGN (0x8)

/DISCARD/
 libc.a(*)
 libm.a(*)
 libgcc.a(*)

.ARM.attributes
                0x0000000000000000       0x29
 *(.ARM.attributes)
 .ARM.attributes
                0x0000000000000000       0x1d c:/st/stm32cubeide_1.9.0/stm32cubeide/plugins/com.st.stm32cube.ide.mcu.externaltools.gnu-tools-for-stm32.10.3-2021.10.win32_1.0.100.202210260954/tools/bin/../lib/gcc/arm-none-eabi/10.3.1/thumb/v7-m/nofp/crti.o
 .ARM.attributes
                0x000000000000001d       0x2d c:/st/stm32cubeide_1.9.0/stm32cubeide/plugins/com.st.stm32cube.ide.mcu.externaltools.gnu-tools-for-stm32.10.3-2021.10.win32_1.0.100.202210260954/tools/bin/../lib/gcc/arm-none-eabi/10.3.1/thumb/v7-m/nofp/crtbegin.o
 .ARM.attributes
                0x000000000000004a       0x2d ./Core/Src/can.o
 .ARM.attributes
                0x0000000000000077       0x2d ./Core/Src/gpio.o
 .ARM.attributes
                0x00000000000000a4       0x2d ./Core/Src/main.o
 .ARM.attributes
                0x00000000000000d1       0x2d ./Core/Src/stm32f1xx_hal_msp.o
 .ARM.attributes
                0x00000000000000fe       0x2d ./Core/Src/stm32f1xx_it.o
 .ARM.attributes
                0x000000000000012b       0x2d ./Core/Src/system_stm32f1xx.o
 .ARM.attributes
                0x0000000000000158       0x2d ./Core/Src/wrapper.o
 .ARM.attributes
                0x0000000000000185       0x21 ./Core/Startup/startup_stm32f103c6tx.o
 .ARM.attributes
                0x00000000000001a6       0x2d ./Drivers/STM32F1xx_HAL_Driver/Src/stm32f1xx_hal.o
 .ARM.attributes
                0x00000000000001d3       0x2d ./Drivers/STM32F1xx_HAL_Driver/Src/stm32f1xx_hal_can.o
 .ARM.attributes
                0x0000000000000200       0x2d ./Drivers/STM32F1xx_HAL_Driver/Src/stm32f1xx_hal_cortex.o
 .ARM.attributes
                0x000000000000022d       0x2d ./Drivers/STM32F1xx_HAL_Driver/Src/stm32f1xx_hal_gpio.o
 .ARM.attributes
                0x000000000000025a       0x2d ./Drivers/STM32F1xx_HAL_Driver/Src/stm32f1xx_hal_rcc.o
 .ARM.attributes
                0x0000000000000287       0x2d c:/st/stm32cubeide_1.9.0/stm32cubeide/plugins/com.st.stm32cube.ide.mcu.externaltools.gnu-tools-for-stm32.10.3-2021.10.win32_1.0.100.202210260954/tools/bin/../lib/gcc/arm-none-eabi/10.3.1/../../../../arm-none-eabi/lib/thumb/v7-m/nofp\libc_nano.a(lib_a-init.o)
 .ARM.attributes
                0x00000000000002b4       0x2d c:/st/stm32cubeide_1.9.0/stm32cubeide/plugins/com.st.stm32cube.ide.mcu.externaltools.gnu-tools-for-stm32.10.3-2021.10.win32_1.0.100.202210260954/tools/bin/../lib/gcc/arm-none-eabi/10.3.1/../../../../arm-none-eabi/lib/thumb/v7-m/nofp\libc_nano.a(lib_a-memcpy-stub.o)
 .ARM.attributes
                0x00000000000002e1       0x2d c:/st/stm32cubeide_1.9.0/stm32cubeide/plugins/com.st.stm32cube.ide.mcu.externaltools.gnu-tools-for-stm32.10.3-2021.10.win32_1.0.100.202210260954/tools/bin/../lib/gcc/arm-none-eabi/10.3.1/../../../../arm-none-eabi/lib/thumb/v7-m/nofp\libc_nano.a(lib_a-memset.o)
 .ARM.attributes
                0x000000000000030e       0x1d c:/st/stm32cubeide_1.9.0/stm32cubeide/plugins/com.st.stm32cube.ide.mcu.externaltools.gnu-tools-for-stm32.10.3-2021.10.win32_1.0.100.202210260954/tools/bin/../lib/gcc/arm-none-eabi/10.3.1/thumb/v7-m/nofp/crtn.o
OUTPUT(nhk23CanTest.elf elf32-littlearm)
LOAD linker stubs
LOAD c:/st/stm32cubeide_1.9.0/stm32cubeide/plugins/com.st.stm32cube.ide.mcu.externaltools.gnu-tools-for-stm32.10.3-2021.10.win32_1.0.100.202210260954/tools/bin/../lib/gcc/arm-none-eabi/10.3.1/../../../../arm-none-eabi/lib/thumb/v7-m/nofp\libc.a
LOAD c:/st/stm32cubeide_1.9.0/stm32cubeide/plugins/com.st.stm32cube.ide.mcu.externaltools.gnu-tools-for-stm32.10.3-2021.10.win32_1.0.100.202210260954/tools/bin/../lib/gcc/arm-none-eabi/10.3.1/../../../../arm-none-eabi/lib/thumb/v7-m/nofp\libm.a
LOAD c:/st/stm32cubeide_1.9.0/stm32cubeide/plugins/com.st.stm32cube.ide.mcu.externaltools.gnu-tools-for-stm32.10.3-2021.10.win32_1.0.100.202210260954/tools/bin/../lib/gcc/arm-none-eabi/10.3.1/thumb/v7-m/nofp\libgcc.a

.debug_info     0x0000000000000000     0x9ad6
 .debug_info    0x0000000000000000      0x7bd ./Core/Src/can.o
 .debug_info    0x00000000000007bd      0x19d ./Core/Src/gpio.o
 .debug_info    0x000000000000095a      0x6a7 ./Core/Src/main.o
 .debug_info    0x0000000000001001      0x210 ./Core/Src/stm32f1xx_hal_msp.o
 .debug_info    0x0000000000001211      0x122 ./Core/Src/stm32f1xx_it.o
 .debug_info    0x0000000000001333      0x23d ./Core/Src/system_stm32f1xx.o
 .debug_info    0x0000000000001570     0x5504 ./Core/Src/wrapper.o
 .debug_info    0x0000000000006a74       0x22 ./Core/Startup/startup_stm32f103c6tx.o
 .debug_info    0x0000000000006a96      0x716 ./Drivers/STM32F1xx_HAL_Driver/Src/stm32f1xx_hal.o
 .debug_info    0x00000000000071ac      0xfb3 ./Drivers/STM32F1xx_HAL_Driver/Src/stm32f1xx_hal_can.o
 .debug_info    0x000000000000815f      0xb02 ./Drivers/STM32F1xx_HAL_Driver/Src/stm32f1xx_hal_cortex.o
 .debug_info    0x0000000000008c61      0x615 ./Drivers/STM32F1xx_HAL_Driver/Src/stm32f1xx_hal_gpio.o
 .debug_info    0x0000000000009276      0x860 ./Drivers/STM32F1xx_HAL_Driver/Src/stm32f1xx_hal_rcc.o

.debug_abbrev   0x0000000000000000     0x1e68
 .debug_abbrev  0x0000000000000000      0x201 ./Core/Src/can.o
 .debug_abbrev  0x0000000000000201       0xc2 ./Core/Src/gpio.o
 .debug_abbrev  0x00000000000002c3      0x209 ./Core/Src/main.o
 .debug_abbrev  0x00000000000004cc       0xd4 ./Core/Src/stm32f1xx_hal_msp.o
 .debug_abbrev  0x00000000000005a0       0x74 ./Core/Src/stm32f1xx_it.o
 .debug_abbrev  0x0000000000000614      0x13b ./Core/Src/system_stm32f1xx.o
 .debug_abbrev  0x000000000000074f      0xbb0 ./Core/Src/wrapper.o
 .debug_abbrev  0x00000000000012ff       0x12 ./Core/Startup/startup_stm32f103c6tx.o
 .debug_abbrev  0x0000000000001311      0x1fb ./Drivers/STM32F1xx_HAL_Driver/Src/stm32f1xx_hal.o
 .debug_abbrev  0x000000000000150c      0x20c ./Drivers/STM32F1xx_HAL_Driver/Src/stm32f1xx_hal_can.o
 .debug_abbrev  0x0000000000001718      0x2ed ./Drivers/STM32F1xx_HAL_Driver/Src/stm32f1xx_hal_cortex.o
 .debug_abbrev  0x0000000000001a05      0x1bb ./Drivers/STM32F1xx_HAL_Driver/Src/stm32f1xx_hal_gpio.o
 .debug_abbrev  0x0000000000001bc0      0x2a8 ./Drivers/STM32F1xx_HAL_Driver/Src/stm32f1xx_hal_rcc.o

.debug_aranges  0x0000000000000000      0x5b8
 .debug_aranges
                0x0000000000000000       0x30 ./Core/Src/can.o
 .debug_aranges
                0x0000000000000030       0x20 ./Core/Src/gpio.o
 .debug_aranges
                0x0000000000000050       0x30 ./Core/Src/main.o
 .debug_aranges
                0x0000000000000080       0x20 ./Core/Src/stm32f1xx_hal_msp.o
 .debug_aranges
                0x00000000000000a0       0x60 ./Core/Src/stm32f1xx_it.o
 .debug_aranges
                0x0000000000000100       0x28 ./Core/Src/system_stm32f1xx.o
 .debug_aranges
                0x0000000000000128       0x68 ./Core/Src/wrapper.o
 .debug_aranges
                0x0000000000000190       0x28 ./Core/Startup/startup_stm32f103c6tx.o
 .debug_aranges
                0x00000000000001b8       0xe0 ./Drivers/STM32F1xx_HAL_Driver/Src/stm32f1xx_hal.o
 .debug_aranges
                0x0000000000000298      0x138 ./Drivers/STM32F1xx_HAL_Driver/Src/stm32f1xx_hal_can.o
 .debug_aranges
                0x00000000000003d0      0x100 ./Drivers/STM32F1xx_HAL_Driver/Src/stm32f1xx_hal_cortex.o
 .debug_aranges
                0x00000000000004d0       0x58 ./Drivers/STM32F1xx_HAL_Driver/Src/stm32f1xx_hal_gpio.o
 .debug_aranges
                0x0000000000000528       0x90 ./Drivers/STM32F1xx_HAL_Driver/Src/stm32f1xx_hal_rcc.o

.debug_ranges   0x0000000000000000      0x7a0
 .debug_ranges  0x0000000000000000       0x20 ./Core/Src/can.o
 .debug_ranges  0x0000000000000020       0x10 ./Core/Src/gpio.o
 .debug_ranges  0x0000000000000030       0x20 ./Core/Src/main.o
 .debug_ranges  0x0000000000000050       0x10 ./Core/Src/stm32f1xx_hal_msp.o
 .debug_ranges  0x0000000000000060       0x50 ./Core/Src/stm32f1xx_it.o
 .debug_ranges  0x00000000000000b0       0x18 ./Core/Src/system_stm32f1xx.o
 .debug_ranges  0x00000000000000c8      0x308 ./Core/Src/wrapper.o
 .debug_ranges  0x00000000000003d0       0x20 ./Core/Startup/startup_stm32f103c6tx.o
 .debug_ranges  0x00000000000003f0       0xd0 ./Drivers/STM32F1xx_HAL_Driver/Src/stm32f1xx_hal.o
 .debug_ranges  0x00000000000004c0      0x128 ./Drivers/STM32F1xx_HAL_Driver/Src/stm32f1xx_hal_can.o
 .debug_ranges  0x00000000000005e8       0xf0 ./Drivers/STM32F1xx_HAL_Driver/Src/stm32f1xx_hal_cortex.o
 .debug_ranges  0x00000000000006d8       0x48 ./Drivers/STM32F1xx_HAL_Driver/Src/stm32f1xx_hal_gpio.o
 .debug_ranges  0x0000000000000720       0x80 ./Drivers/STM32F1xx_HAL_Driver/Src/stm32f1xx_hal_rcc.o

.debug_macro    0x0000000000000000    0x19b49
 .debug_macro   0x0000000000000000      0x1a1 ./Core/Src/can.o
 .debug_macro   0x00000000000001a1      0xa72 ./Core/Src/can.o
 .debug_macro   0x0000000000000c13      0x215 ./Core/Src/can.o
 .debug_macro   0x0000000000000e28       0x2e ./Core/Src/can.o
 .debug_macro   0x0000000000000e56       0x22 ./Core/Src/can.o
 .debug_macro   0x0000000000000e78       0x22 ./Core/Src/can.o
 .debug_macro   0x0000000000000e9a       0x56 ./Core/Src/can.o
 .debug_macro   0x0000000000000ef0       0x51 ./Core/Src/can.o
 .debug_macro   0x0000000000000f41      0x103 ./Core/Src/can.o
 .debug_macro   0x0000000000001044       0x6a ./Core/Src/can.o
 .debug_macro   0x00000000000010ae      0x1df ./Core/Src/can.o
 .debug_macro   0x000000000000128d       0x1c ./Core/Src/can.o
 .debug_macro   0x00000000000012a9       0x22 ./Core/Src/can.o
 .debug_macro   0x00000000000012cb       0xbd ./Core/Src/can.o
 .debug_macro   0x0000000000001388      0xd23 ./Core/Src/can.o
 .debug_macro   0x00000000000020ab     0xde75 ./Core/Src/can.o
 .debug_macro   0x000000000000ff20       0x6d ./Core/Src/can.o
 .debug_macro   0x000000000000ff8d     0x3468 ./Core/Src/can.o
 .debug_macro   0x00000000000133f5      0x174 ./Core/Src/can.o
 .debug_macro   0x0000000000013569       0x5c ./Core/Src/can.o
 .debug_macro   0x00000000000135c5      0x5be ./Core/Src/can.o
 .debug_macro   0x0000000000013b83      0x1b7 ./Core/Src/can.o
 .debug_macro   0x0000000000013d3a      0x1cb ./Core/Src/can.o
 .debug_macro   0x0000000000013f05      0x114 ./Core/Src/can.o
 .debug_macro   0x0000000000014019      0x1b2 ./Core/Src/can.o
 .debug_macro   0x00000000000141cb       0x27 ./Core/Src/can.o
 .debug_macro   0x00000000000141f2      0x12f ./Core/Src/can.o
 .debug_macro   0x0000000000014321      0x1bc ./Core/Src/can.o
 .debug_macro   0x00000000000144dd       0x34 ./Core/Src/can.o
 .debug_macro   0x0000000000014511       0x3c ./Core/Src/can.o
 .debug_macro   0x000000000001454d      0x408 ./Core/Src/can.o
 .debug_macro   0x0000000000014955       0x57 ./Core/Src/can.o
 .debug_macro   0x00000000000149ac       0x88 ./Core/Src/can.o
 .debug_macro   0x0000000000014a34      0x183 ./Core/Src/can.o
 .debug_macro   0x0000000000014bb7      0x141 ./Core/Src/can.o
 .debug_macro   0x0000000000014cf8       0x69 ./Core/Src/can.o
 .debug_macro   0x0000000000014d61      0x1a1 ./Core/Src/gpio.o
 .debug_macro   0x0000000000014f02      0x1b3 ./Core/Src/main.o
 .debug_macro   0x00000000000150b5      0x197 ./Core/Src/stm32f1xx_hal_msp.o
 .debug_macro   0x000000000001524c      0x1a1 ./Core/Src/stm32f1xx_it.o
 .debug_macro   0x00000000000153ed      0x18d ./Core/Src/system_stm32f1xx.o
 .debug_macro   0x000000000001557a      0x916 ./Core/Src/wrapper.o
 .debug_macro   0x0000000000015e90      0xc0a ./Core/Src/wrapper.o
 .debug_macro   0x0000000000016a9a       0x1c ./Core/Src/wrapper.o
 .debug_macro   0x0000000000016ab6      0xd23 ./Core/Src/wrapper.o
 .debug_macro   0x00000000000177d9      0x17b ./Core/Src/wrapper.o
 .debug_macro   0x0000000000017954       0x28 ./Core/Src/wrapper.o
 .debug_macro   0x000000000001797c      0x18a ./Core/Src/wrapper.o
 .debug_macro   0x0000000000017b06       0x10 ./Core/Src/wrapper.o
 .debug_macro   0x0000000000017b16       0xba ./Core/Src/wrapper.o
 .debug_macro   0x0000000000017bd0       0xf7 ./Core/Src/wrapper.o
 .debug_macro   0x0000000000017cc7      0x34c ./Core/Src/wrapper.o
 .debug_macro   0x0000000000018013       0x10 ./Core/Src/wrapper.o
 .debug_macro   0x0000000000018023       0x94 ./Core/Src/wrapper.o
 .debug_macro   0x00000000000180b7       0x1f ./Core/Src/wrapper.o
 .debug_macro   0x00000000000180d6       0x10 ./Core/Src/wrapper.o
 .debug_macro   0x00000000000180e6       0x18 ./Core/Src/wrapper.o
 .debug_macro   0x00000000000180fe       0x49 ./Core/Src/wrapper.o
 .debug_macro   0x0000000000018147       0x35 ./Core/Src/wrapper.o
 .debug_macro   0x000000000001817c       0x52 ./Core/Src/wrapper.o
 .debug_macro   0x00000000000181ce       0x34 ./Core/Src/wrapper.o
 .debug_macro   0x0000000000018202       0x43 ./Core/Src/wrapper.o
 .debug_macro   0x0000000000018245       0x16 ./Core/Src/wrapper.o
 .debug_macro   0x000000000001825b      0x364 ./Core/Src/wrapper.o
 .debug_macro   0x00000000000185bf       0x10 ./Core/Src/wrapper.o
 .debug_macro   0x00000000000185cf       0x35 ./Core/Src/wrapper.o
 .debug_macro   0x0000000000018604       0x20 ./Core/Src/wrapper.o
 .debug_macro   0x0000000000018624       0x8e ./Core/Src/wrapper.o
 .debug_macro   0x00000000000186b2       0x1c ./Core/Src/wrapper.o
 .debug_macro   0x00000000000186ce       0x11 ./Core/Src/wrapper.o
 .debug_macro   0x00000000000186df       0x17 ./Core/Src/wrapper.o
 .debug_macro   0x00000000000186f6       0x10 ./Core/Src/wrapper.o
 .debug_macro   0x0000000000018706       0x28 ./Core/Src/wrapper.o
 .debug_macro   0x000000000001872e       0x2e ./Core/Src/wrapper.o
 .debug_macro   0x000000000001875c       0x10 ./Core/Src/wrapper.o
 .debug_macro   0x000000000001876c       0x10 ./Core/Src/wrapper.o
 .debug_macro   0x000000000001877c       0x12 ./Core/Src/wrapper.o
 .debug_macro   0x000000000001878e       0x26 ./Core/Src/wrapper.o
 .debug_macro   0x00000000000187b4       0x2b ./Core/Src/wrapper.o
 .debug_macro   0x00000000000187df       0x88 ./Core/Src/wrapper.o
 .debug_macro   0x0000000000018867       0x19 ./Core/Src/wrapper.o
 .debug_macro   0x0000000000018880       0x10 ./Core/Src/wrapper.o
 .debug_macro   0x0000000000018890       0x1c ./Core/Src/wrapper.o
 .debug_macro   0x00000000000188ac       0xde ./Core/Src/wrapper.o
 .debug_macro   0x000000000001898a       0x11 ./Core/Src/wrapper.o
 .debug_macro   0x000000000001899b      0x120 ./Core/Src/wrapper.o
 .debug_macro   0x0000000000018abb       0x12 ./Core/Src/wrapper.o
 .debug_macro   0x0000000000018acd       0x22 ./Core/Src/wrapper.o
 .debug_macro   0x0000000000018aef       0x3c ./Core/Src/wrapper.o
 .debug_macro   0x0000000000018b2b       0x33 ./Core/Src/wrapper.o
 .debug_macro   0x0000000000018b5e      0x173 ./Core/Src/wrapper.o
 .debug_macro   0x0000000000018cd1       0x10 ./Core/Src/wrapper.o
 .debug_macro   0x0000000000018ce1       0x2e ./Core/Src/wrapper.o
 .debug_macro   0x0000000000018d0f       0x16 ./Core/Src/wrapper.o
 .debug_macro   0x0000000000018d25       0x46 ./Core/Src/wrapper.o
 .debug_macro   0x0000000000018d6b       0x5e ./Core/Src/wrapper.o
 .debug_macro   0x0000000000018dc9       0x11 ./Core/Src/wrapper.o
 .debug_macro   0x0000000000018dda       0x2f ./Core/Src/wrapper.o
 .debug_macro   0x0000000000018e09       0x16 ./Core/Src/wrapper.o
 .debug_macro   0x0000000000018e1f       0x11 ./Core/Src/wrapper.o
 .debug_macro   0x0000000000018e30       0x11 ./Core/Src/wrapper.o
 .debug_macro   0x0000000000018e41       0x11 ./Core/Src/wrapper.o
 .debug_macro   0x0000000000018e52       0x18 ./Core/Src/wrapper.o
 .debug_macro   0x0000000000018e6a       0x17 ./Core/Src/wrapper.o
 .debug_macro   0x0000000000018e81       0x1d ./Core/Src/wrapper.o
 .debug_macro   0x0000000000018e9e       0xbe ./Core/Src/wrapper.o
 .debug_macro   0x0000000000018f5c      0x10d ./Core/Src/wrapper.o
 .debug_macro   0x0000000000019069      0x11d ./Core/Src/wrapper.o
 .debug_macro   0x0000000000019186       0x11 ./Core/Src/wrapper.o
 .debug_macro   0x0000000000019197       0x22 ./Core/Src/wrapper.o
 .debug_macro   0x00000000000191b9       0x10 ./Core/Src/wrapper.o
 .debug_macro   0x00000000000191c9       0x11 ./Core/Src/wrapper.o
 .debug_macro   0x00000000000191da       0x1f ./Core/Src/wrapper.o
 .debug_macro   0x00000000000191f9       0x10 ./Core/Src/wrapper.o
 .debug_macro   0x0000000000019209       0x11 ./Core/Src/wrapper.o
 .debug_macro   0x000000000001921a       0x10 ./Core/Src/wrapper.o
 .debug_macro   0x000000000001922a       0x11 ./Core/Src/wrapper.o
 .debug_macro   0x000000000001923b       0x2d ./Core/Src/wrapper.o
 .debug_macro   0x0000000000019268       0x26 ./Core/Src/wrapper.o
 .debug_macro   0x000000000001928e       0x41 ./Core/Src/wrapper.o
 .debug_macro   0x00000000000192cf       0x10 ./Core/Src/wrapper.o
 .debug_macro   0x00000000000192df      0x1b1 ./Drivers/STM32F1xx_HAL_Driver/Src/stm32f1xx_hal.o
 .debug_macro   0x0000000000019490      0x195 ./Drivers/STM32F1xx_HAL_Driver/Src/stm32f1xx_hal_can.o
 .debug_macro   0x0000000000019625      0x18d ./Drivers/STM32F1xx_HAL_Driver/Src/stm32f1xx_hal_cortex.o
 .debug_macro   0x00000000000197b2      0x1f8 ./Drivers/STM32F1xx_HAL_Driver/Src/stm32f1xx_hal_gpio.o
 .debug_macro   0x00000000000199aa      0x19f ./Drivers/STM32F1xx_HAL_Driver/Src/stm32f1xx_hal_rcc.o

.debug_line     0x0000000000000000     0x817e
 .debug_line    0x0000000000000000      0x6b9 ./Core/Src/can.o
 .debug_line    0x00000000000006b9      0x641 ./Core/Src/gpio.o
 .debug_line    0x0000000000000cfa      0x6d0 ./Core/Src/main.o
 .debug_line    0x00000000000013ca      0x644 ./Core/Src/stm32f1xx_hal_msp.o
 .debug_line    0x0000000000001a0e      0x706 ./Core/Src/stm32f1xx_it.o
 .debug_line    0x0000000000002114      0x6c2 ./Core/Src/system_stm32f1xx.o
 .debug_line    0x00000000000027d6     0x1e5d ./Core/Src/wrapper.o
 .debug_line    0x0000000000004633       0x87 ./Core/Startup/startup_stm32f103c6tx.o
 .debug_line    0x00000000000046ba      0x8ef ./Drivers/STM32F1xx_HAL_Driver/Src/stm32f1xx_hal.o
 .debug_line    0x0000000000004fa9     0x1090 ./Drivers/STM32F1xx_HAL_Driver/Src/stm32f1xx_hal_can.o
 .debug_line    0x0000000000006039      0xad7 ./Drivers/STM32F1xx_HAL_Driver/Src/stm32f1xx_hal_cortex.o
 .debug_line    0x0000000000006b10      0x971 ./Drivers/STM32F1xx_HAL_Driver/Src/stm32f1xx_hal_gpio.o
 .debug_line    0x0000000000007481      0xcfd ./Drivers/STM32F1xx_HAL_Driver/Src/stm32f1xx_hal_rcc.o

.debug_str      0x0000000000000000    0x8a7e0
 .debug_str     0x0000000000000000    0x7a783 ./Core/Src/can.o
                                      0x7aba1 (size before relaxing)
 .debug_str     0x000000000007a783       0x2c ./Core/Src/gpio.o
                                      0x7a7ed (size before relaxing)
 .debug_str     0x000000000007a7af      0x181 ./Core/Src/main.o
                                      0x7ac11 (size before relaxing)
 .debug_str     0x000000000007a930       0x2c ./Core/Src/stm32f1xx_hal_msp.o
                                      0x7a81b (size before relaxing)
 .debug_str     0x000000000007a95c       0xc9 ./Core/Src/stm32f1xx_it.o
                                      0x7a830 (size before relaxing)
 .debug_str     0x000000000007aa25       0x88 ./Core/Src/system_stm32f1xx.o
                                      0x7a846 (size before relaxing)
 .debug_str     0x000000000007aaad     0xea09 ./Core/Src/wrapper.o
                                      0x896fa (size before relaxing)
 .debug_str     0x00000000000894b6       0x36 ./Core/Startup/startup_stm32f103c6tx.o
                                         0x75 (size before relaxing)
 .debug_str     0x00000000000894ec      0x5d7 ./Drivers/STM32F1xx_HAL_Driver/Src/stm32f1xx_hal.o
                                      0x7af3f (size before relaxing)
 .debug_str     0x0000000000089ac3      0x552 ./Drivers/STM32F1xx_HAL_Driver/Src/stm32f1xx_hal_can.o
                                      0x7b046 (size before relaxing)
 .debug_str     0x000000000008a015      0x280 ./Drivers/STM32F1xx_HAL_Driver/Src/stm32f1xx_hal_cortex.o
                                      0x7ae8b (size before relaxing)
 .debug_str     0x000000000008a295      0x322 ./Drivers/STM32F1xx_HAL_Driver/Src/stm32f1xx_hal_gpio.o
                                      0x7abcc (size before relaxing)
 .debug_str     0x000000000008a5b7      0x229 ./Drivers/STM32F1xx_HAL_Driver/Src/stm32f1xx_hal_rcc.o
                                      0x7ac75 (size before relaxing)

.comment        0x0000000000000000       0x50
 .comment       0x0000000000000000       0x50 ./Core/Src/can.o
                                         0x51 (size before relaxing)
 .comment       0x0000000000000050       0x51 ./Core/Src/gpio.o
 .comment       0x0000000000000050       0x51 ./Core/Src/main.o
 .comment       0x0000000000000050       0x51 ./Core/Src/stm32f1xx_hal_msp.o
 .comment       0x0000000000000050       0x51 ./Core/Src/stm32f1xx_it.o
 .comment       0x0000000000000050       0x51 ./Core/Src/system_stm32f1xx.o
 .comment       0x0000000000000050       0x51 ./Core/Src/wrapper.o
 .comment       0x0000000000000050       0x51 ./Drivers/STM32F1xx_HAL_Driver/Src/stm32f1xx_hal.o
 .comment       0x0000000000000050       0x51 ./Drivers/STM32F1xx_HAL_Driver/Src/stm32f1xx_hal_can.o
 .comment       0x0000000000000050       0x51 ./Drivers/STM32F1xx_HAL_Driver/Src/stm32f1xx_hal_cortex.o
 .comment       0x0000000000000050       0x51 ./Drivers/STM32F1xx_HAL_Driver/Src/stm32f1xx_hal_gpio.o
 .comment       0x0000000000000050       0x51 ./Drivers/STM32F1xx_HAL_Driver/Src/stm32f1xx_hal_rcc.o

.debug_frame    0x0000000000000000     0x146c
 .debug_frame   0x0000000000000000       0x74 ./Core/Src/can.o
 .debug_frame   0x0000000000000074       0x38 ./Core/Src/gpio.o
 .debug_frame   0x00000000000000ac       0x68 ./Core/Src/main.o
 .debug_frame   0x0000000000000114       0x38 ./Core/Src/stm32f1xx_hal_msp.o
 .debug_frame   0x000000000000014c      0x104 ./Core/Src/stm32f1xx_it.o
 .debug_frame   0x0000000000000250       0x58 ./Core/Src/system_stm32f1xx.o
 .debug_frame   0x00000000000002a8       0xec ./Core/Src/wrapper.o
 .debug_frame   0x0000000000000394      0x334 ./Drivers/STM32F1xx_HAL_Driver/Src/stm32f1xx_hal.o
 .debug_frame   0x00000000000006c8      0x5a0 ./Drivers/STM32F1xx_HAL_Driver/Src/stm32f1xx_hal_can.o
 .debug_frame   0x0000000000000c68      0x428 ./Drivers/STM32F1xx_HAL_Driver/Src/stm32f1xx_hal_cortex.o
 .debug_frame   0x0000000000001090      0x14c ./Drivers/STM32F1xx_HAL_Driver/Src/stm32f1xx_hal_gpio.o
 .debug_frame   0x00000000000011dc      0x21c ./Drivers/STM32F1xx_HAL_Driver/Src/stm32f1xx_hal_rcc.o
 .debug_frame   0x00000000000013f8       0x2c c:/st/stm32cubeide_1.9.0/stm32cubeide/plugins/com.st.stm32cube.ide.mcu.externaltools.gnu-tools-for-stm32.10.3-2021.10.win32_1.0.100.202210260954/tools/bin/../lib/gcc/arm-none-eabi/10.3.1/../../../../arm-none-eabi/lib/thumb/v7-m/nofp\libc_nano.a(lib_a-init.o)
 .debug_frame   0x0000000000001424       0x28 c:/st/stm32cubeide_1.9.0/stm32cubeide/plugins/com.st.stm32cube.ide.mcu.externaltools.gnu-tools-for-stm32.10.3-2021.10.win32_1.0.100.202210260954/tools/bin/../lib/gcc/arm-none-eabi/10.3.1/../../../../arm-none-eabi/lib/thumb/v7-m/nofp\libc_nano.a(lib_a-memcpy-stub.o)
 .debug_frame   0x000000000000144c       0x20 c:/st/stm32cubeide_1.9.0/stm32cubeide/plugins/com.st.stm32cube.ide.mcu.externaltools.gnu-tools-for-stm32.10.3-2021.10.win32_1.0.100.202210260954/tools/bin/../lib/gcc/arm-none-eabi/10.3.1/../../../../arm-none-eabi/lib/thumb/v7-m/nofp\libc_nano.a(lib_a-memset.o)

.debug_loc      0x0000000000000000      0xe77
 .debug_loc     0x0000000000000000      0xe77 ./Core/Src/wrapper.o
