../CRSLibtmp/Can/Stm32/RM0008/filter_manager.hpp:63:8:void CRSLib::Can::Stm32::RM0008::FilterManager::activate(CRSLib::IntegerTypes::u8)	0	static
../CRSLibtmp/Can/Stm32/RM0008/filter_manager.hpp:68:8:void CRSLib::Can::Stm32::RM0008::FilterManager::deactivate(CRSLib::IntegerTypes::u8)	0	static
../CRSLibtmp/Can/Stm32/RM0008/filter_manager.hpp:73:7:CRSLib::IntegerTypes::u32 CRSLib::Can::Stm32::RM0008::FilterManager::make_list32(CRSLib::IntegerTypes::u32, bool, bool)	0	static
../CRSLibtmp/Can/Stm32/RM0008/filter_manager.hpp:86:10:CRSLib::Can::Stm32::RM0008::Filter CRSLib::Can::Stm32::RM0008::FilterManager::make_mask32(CRSLib::IntegerTypes::u32, CRSLib::IntegerTypes::u32)	16	static
../CRSLibtmp/Can/Stm32/RM0008/filter_manager.hpp:96:7:CRSLib::IntegerTypes::u32 CRSLib::Can::Stm32::RM0008::FilterManager::make_list16(CRSLib::IntegerTypes::u16, bool, bool)	0	static
../CRSLibtmp/Can/Stm32/RM0008/filter_manager.hpp:109:7:CRSLib::IntegerTypes::u32 CRSLib::Can::Stm32::RM0008::FilterManager::make_mask16(CRSLib::IntegerTypes::u16, CRSLib::IntegerTypes::u16)	0	static
../CRSLibtmp/Can/Stm32/RM0008/can_bus.hpp:62:8:void CRSLib::Can::Stm32::RM0008::CanBusInit::apply(CRSLib::Can::Stm32::RM0008::CanRegister*) const	16	static
../CRSLibtmp/Can/Stm32/RM0008/filter_manager.hpp:33:15:void CRSLib::Can::Stm32::RM0008::FilterManager::initialize(CRSLib::IntegerTypes::u8, CRSLib::Can::Stm32::RM0008::FilterConfig (&)[n]) [with unsigned char n = 1]	24	static
../Core/Src/wrapper.cpp:13:6:void init_can_msp_filter(CAN_HandleTypeDef*)	24	static
../Core/Src/wrapper.cpp:33:17:void main_cpp(CAN_HandleTypeDef*)	48	static
